/Users/jayaprasadkakkassery/.bash_profile: line 29: jenv: command not found
remote: Invalid username or token. Password authentication is not supported for Git operations.
fatal: Authentication failed for 'https://github.com/jaykakkassery/my-dashboard.git/'
/Users/jayaprasadkakkassery/.bash_profile: line 29: jenv: command not found
remote: Invalid username or token. Password authentication is not supported for Git operations.
fatal: Authentication failed for 'https://github.com/jaykakkassery/my-dashboard.git/'
/Users/jayaprasadkakkassery/.bash_profile: line 29: jenv: command not found
remote: Invalid username or token. Password authentication is not supported for Git operations.
fatal: Authentication failed for 'https://github.com/jaykakkassery/my-dashboard.git/'
/Users/jayaprasadkakkassery/.bash_profile: line 29: jenv: command not found
remote: Invalid username or token. Password authentication is not supported for Git operations.
fatal: Authentication failed for 'https://github.com/jaykakkassery/my-dashboard.git/'
/Users/jayaprasadkakkassery/.bash_profile: line 29: jenv: command not found
remote: Invalid username or token. Password authentication is not supported for Git operations.
fatal: Authentication failed for 'https://github.com/jaykakkassery/my-dashboard.git/'
/Users/jayaprasadkakkassery/.bash_profile: line 29: jenv: command not found
remote: Invalid username or token. Password authentication is not supported for Git operations.
fatal: Authentication failed for 'https://github.com/jaykakkassery/my-dashboard.git/'
/Users/jayaprasadkakkassery/.bash_profile: line 29: jenv: command not found
remote: Invalid username or token. Password authentication is not supported for Git operations.
fatal: Authentication failed for 'https://github.com/jaykakkassery/my-dashboard.git/'
/Users/jayaprasadkakkassery/.bash_profile: line 29: jenv: command not found
remote: Invalid username or token. Password authentication is not supported for Git operations.
fatal: Authentication failed for 'https://github.com/jaykakkassery/my-dashboard.git/'
/Users/jayaprasadkakkassery/.bash_profile: line 29: jenv: command not found
remote: Invalid username or token. Password authentication is not supported for Git operations.
fatal: Authentication failed for 'https://github.com/jaykakkassery/my-dashboard.git/'
/Users/jayaprasadkakkassery/.bash_profile: line 29: jenv: command not found
remote: Invalid username or token. Password authentication is not supported for Git operations.
fatal: Authentication failed for 'https://github.com/jaykakkassery/my-dashboard.git/'
/Users/jayaprasadkakkassery/.bash_profile: line 29: jenv: command not found
remote: Invalid username or token. Password authentication is not supported for Git operations.
fatal: Authentication failed for 'https://github.com/jaykakkassery/my-dashboard.git/'
/Users/jayaprasadkakkassery/.bash_profile: line 29: jenv: command not found
remote: Invalid username or token. Password authentication is not supported for Git operations.
fatal: Authentication failed for 'https://github.com/jaykakkassery/my-dashboard.git/'
/Users/jayaprasadkakkassery/.bash_profile: line 29: jenv: command not found
remote: Invalid username or token. Password authentication is not supported for Git operations.
fatal: Authentication failed for 'https://github.com/jaykakkassery/my-dashboard.git/'
/Users/jayaprasadkakkassery/.bash_profile: line 29: jenv: command not found
remote: Invalid username or token. Password authentication is not supported for Git operations.
fatal: Authentication failed for 'https://github.com/jaykakkassery/my-dashboard.git/'
/Users/jayaprasadkakkassery/.bash_profile: line 29: jenv: command not found
remote: Invalid username or token. Password authentication is not supported for Git operations.
fatal: Authentication failed for 'https://github.com/jaykakkassery/my-dashboard.git/'
/Users/jayaprasadkakkassery/.bash_profile: line 29: jenv: command not found
remote: Invalid username or token. Password authentication is not supported for Git operations.
fatal: Authentication failed for 'https://github.com/jaykakkassery/my-dashboard.git/'
/Users/jayaprasadkakkassery/.bash_profile: line 29: jenv: command not found
remote: Invalid username or token. Password authentication is not supported for Git operations.
fatal: Authentication failed for 'https://github.com/jaykakkassery/my-dashboard.git/'
/Users/jayaprasadkakkassery/.bash_profile: line 29: jenv: command not found
remote: Invalid username or token. Password authentication is not supported for Git operations.
fatal: Authentication failed for 'https://github.com/jaykakkassery/my-dashboard.git/'
/Users/jayaprasadkakkassery/.bash_profile: line 29: jenv: command not found
remote: Invalid username or token. Password authentication is not supported for Git operations.
fatal: Authentication failed for 'https://github.com/jaykakkassery/my-dashboard.git/'
/Users/jayaprasadkakkassery/.bash_profile: line 29: jenv: command not found
remote: Invalid username or token. Password authentication is not supported for Git operations.
fatal: Authentication failed for 'https://github.com/jaykakkassery/my-dashboard.git/'
/Users/jayaprasadkakkassery/.bash_profile: line 29: jenv: command not found
remote: Invalid username or token. Password authentication is not supported for Git operations.
fatal: Authentication failed for 'https://github.com/jaykakkassery/my-dashboard.git/'
/Users/jayaprasadkakkassery/.bash_profile: line 29: jenv: command not found
remote: Invalid username or token. Password authentication is not supported for Git operations.
fatal: Authentication failed for 'https://github.com/jaykakkassery/my-dashboard.git/'
/Users/jayaprasadkakkassery/.bash_profile: line 29: jenv: command not found
remote: Invalid username or token. Password authentication is not supported for Git operations.
fatal: Authentication failed for 'https://github.com/jaykakkassery/my-dashboard.git/'
/Users/jayaprasadkakkassery/.bash_profile: line 29: jenv: command not found
remote: Invalid username or token. Password authentication is not supported for Git operations.
fatal: Authentication failed for 'https://github.com/jaykakkassery/my-dashboard.git/'
/Users/jayaprasadkakkassery/.bash_profile: line 29: jenv: command not found
remote: Invalid username or token. Password authentication is not supported for Git operations.
fatal: Authentication failed for 'https://github.com/jaykakkassery/my-dashboard.git/'
/Users/jayaprasadkakkassery/.bash_profile: line 29: jenv: command not found
remote: Invalid username or token. Password authentication is not supported for Git operations.
fatal: Authentication failed for 'https://github.com/jaykakkassery/my-dashboard.git/'
/Users/jayaprasadkakkassery/.bash_profile: line 29: jenv: command not found
remote: Invalid username or token. Password authentication is not supported for Git operations.
fatal: Authentication failed for 'https://github.com/jaykakkassery/my-dashboard.git/'
/Users/jayaprasadkakkassery/.bash_profile: line 29: jenv: command not found
remote: Invalid username or token. Password authentication is not supported for Git operations.
fatal: Authentication failed for 'https://github.com/jaykakkassery/my-dashboard.git/'
/Users/jayaprasadkakkassery/.bash_profile: line 29: jenv: command not found
remote: Invalid username or token. Password authentication is not supported for Git operations.
fatal: Authentication failed for 'https://github.com/jaykakkassery/my-dashboard.git/'
/Users/jayaprasadkakkassery/.bash_profile: line 29: jenv: command not found
remote: Invalid username or token. Password authentication is not supported for Git operations.
fatal: Authentication failed for 'https://github.com/jaykakkassery/my-dashboard.git/'
/Users/jayaprasadkakkassery/.bash_profile: line 29: jenv: command not found
remote: Invalid username or token. Password authentication is not supported for Git operations.
fatal: Authentication failed for 'https://github.com/jaykakkassery/my-dashboard.git/'
/Users/jayaprasadkakkassery/.bash_profile: line 29: jenv: command not found
remote: Invalid username or token. Password authentication is not supported for Git operations.
fatal: Authentication failed for 'https://github.com/jaykakkassery/my-dashboard.git/'
/Users/jayaprasadkakkassery/.bash_profile: line 29: jenv: command not found
remote: Invalid username or token. Password authentication is not supported for Git operations.
fatal: Authentication failed for 'https://github.com/jaykakkassery/my-dashboard.git/'
/Users/jayaprasadkakkassery/.bash_profile: line 29: jenv: command not found
remote: Invalid username or token. Password authentication is not supported for Git operations.
fatal: Authentication failed for 'https://github.com/jaykakkassery/my-dashboard.git/'
/Users/jayaprasadkakkassery/.bash_profile: line 29: jenv: command not found
remote: Invalid username or token. Password authentication is not supported for Git operations.
fatal: Authentication failed for 'https://github.com/jaykakkassery/my-dashboard.git/'
/Users/jayaprasadkakkassery/.bash_profile: line 29: jenv: command not found
remote: Invalid username or token. Password authentication is not supported for Git operations.
fatal: Authentication failed for 'https://github.com/jaykakkassery/my-dashboard.git/'
/Users/jayaprasadkakkassery/.bash_profile: line 29: jenv: command not found
remote: Invalid username or token. Password authentication is not supported for Git operations.
fatal: Authentication failed for 'https://github.com/jaykakkassery/my-dashboard.git/'
/Users/jayaprasadkakkassery/.bash_profile: line 29: jenv: command not found
remote: Invalid username or token. Password authentication is not supported for Git operations.
fatal: Authentication failed for 'https://github.com/jaykakkassery/my-dashboard.git/'
/Users/jayaprasadkakkassery/.bash_profile: line 29: jenv: command not found
remote: Invalid username or token. Password authentication is not supported for Git operations.
fatal: Authentication failed for 'https://github.com/jaykakkassery/my-dashboard.git/'
/Users/jayaprasadkakkassery/.bash_profile: line 29: jenv: command not found
remote: Invalid username or token. Password authentication is not supported for Git operations.
fatal: Authentication failed for 'https://github.com/jaykakkassery/my-dashboard.git/'
/Users/jayaprasadkakkassery/.bash_profile: line 29: jenv: command not found
remote: Invalid username or token. Password authentication is not supported for Git operations.
fatal: Authentication failed for 'https://github.com/jaykakkassery/my-dashboard.git/'
/Users/jayaprasadkakkassery/.bash_profile: line 29: jenv: command not found
remote: Invalid username or token. Password authentication is not supported for Git operations.
fatal: Authentication failed for 'https://github.com/jaykakkassery/my-dashboard.git/'
/Users/jayaprasadkakkassery/.bash_profile: line 29: jenv: command not found
remote: Invalid username or token. Password authentication is not supported for Git operations.
fatal: Authentication failed for 'https://github.com/jaykakkassery/my-dashboard.git/'
/Users/jayaprasadkakkassery/.bash_profile: line 29: jenv: command not found
remote: Invalid username or token. Password authentication is not supported for Git operations.
fatal: Authentication failed for 'https://github.com/jaykakkassery/my-dashboard.git/'
/Users/jayaprasadkakkassery/.bash_profile: line 29: jenv: command not found
remote: Invalid username or token. Password authentication is not supported for Git operations.
fatal: Authentication failed for 'https://github.com/jaykakkassery/my-dashboard.git/'
/Users/jayaprasadkakkassery/.bash_profile: line 29: jenv: command not found
remote: Invalid username or token. Password authentication is not supported for Git operations.
fatal: Authentication failed for 'https://github.com/jaykakkassery/my-dashboard.git/'
/Users/jayaprasadkakkassery/.bash_profile: line 29: jenv: command not found
remote: Invalid username or token. Password authentication is not supported for Git operations.
fatal: Authentication failed for 'https://github.com/jaykakkassery/my-dashboard.git/'
/Users/jayaprasadkakkassery/.bash_profile: line 29: jenv: command not found
remote: Invalid username or token. Password authentication is not supported for Git operations.
fatal: Authentication failed for 'https://github.com/jaykakkassery/my-dashboard.git/'
/Users/jayaprasadkakkassery/.bash_profile: line 29: jenv: command not found
remote: Invalid username or token. Password authentication is not supported for Git operations.
fatal: Authentication failed for 'https://github.com/jaykakkassery/my-dashboard.git/'
/Users/jayaprasadkakkassery/.bash_profile: line 29: jenv: command not found
remote: Invalid username or token. Password authentication is not supported for Git operations.
fatal: Authentication failed for 'https://github.com/jaykakkassery/my-dashboard.git/'
/Users/jayaprasadkakkassery/.bash_profile: line 29: jenv: command not found
remote: Invalid username or token. Password authentication is not supported for Git operations.
fatal: Authentication failed for 'https://github.com/jaykakkassery/my-dashboard.git/'
/Users/jayaprasadkakkassery/.bash_profile: line 29: jenv: command not found
remote: Invalid username or token. Password authentication is not supported for Git operations.
fatal: Authentication failed for 'https://github.com/jaykakkassery/my-dashboard.git/'
/Users/jayaprasadkakkassery/.bash_profile: line 29: jenv: command not found
remote: Invalid username or token. Password authentication is not supported for Git operations.
fatal: Authentication failed for 'https://github.com/jaykakkassery/my-dashboard.git/'
/Users/jayaprasadkakkassery/.bash_profile: line 29: jenv: command not found
remote: Invalid username or token. Password authentication is not supported for Git operations.
fatal: Authentication failed for 'https://github.com/jaykakkassery/my-dashboard.git/'
/Users/jayaprasadkakkassery/.bash_profile: line 29: jenv: command not found
remote: Invalid username or token. Password authentication is not supported for Git operations.
fatal: Authentication failed for 'https://github.com/jaykakkassery/my-dashboard.git/'
/Users/jayaprasadkakkassery/.bash_profile: line 29: jenv: command not found
remote: Invalid username or token. Password authentication is not supported for Git operations.
fatal: Authentication failed for 'https://github.com/jaykakkassery/my-dashboard.git/'
/Users/jayaprasadkakkassery/.bash_profile: line 29: jenv: command not found
/Users/jayaprasadkakkassery/.bash_profile: line 29: jenv: command not found
remote: Invalid username or token. Password authentication is not supported for Git operations.
fatal: Authentication failed for 'https://github.com/jaykakkassery/my-dashboard.git/'
/Users/jayaprasadkakkassery/.bash_profile: line 29: jenv: command not found
remote: Invalid username or token. Password authentication is not supported for Git operations.
fatal: Authentication failed for 'https://github.com/jaykakkassery/my-dashboard.git/'
/Users/jayaprasadkakkassery/.bash_profile: line 29: jenv: command not found
remote: Invalid username or token. Password authentication is not supported for Git operations.
fatal: Authentication failed for 'https://github.com/jaykakkassery/my-dashboard.git/'
/Users/jayaprasadkakkassery/.bash_profile: line 29: jenv: command not found
remote: Invalid username or token. Password authentication is not supported for Git operations.
fatal: Authentication failed for 'https://github.com/jaykakkassery/my-dashboard.git/'
/Users/jayaprasadkakkassery/.bash_profile: line 29: jenv: command not found
remote: Invalid username or token. Password authentication is not supported for Git operations.
fatal: Authentication failed for 'https://github.com/jaykakkassery/my-dashboard.git/'
/Users/jayaprasadkakkassery/.bash_profile: line 29: jenv: command not found
remote: Invalid username or token. Password authentication is not supported for Git operations.
fatal: Authentication failed for 'https://github.com/jaykakkassery/my-dashboard.git/'
/Users/jayaprasadkakkassery/.bash_profile: line 29: jenv: command not found
remote: Invalid username or token. Password authentication is not supported for Git operations.
fatal: Authentication failed for 'https://github.com/jaykakkassery/my-dashboard.git/'
/Users/jayaprasadkakkassery/.bash_profile: line 29: jenv: command not found
remote: Invalid username or token. Password authentication is not supported for Git operations.
fatal: Authentication failed for 'https://github.com/jaykakkassery/my-dashboard.git/'
/Users/jayaprasadkakkassery/.bash_profile: line 29: jenv: command not found
remote: Invalid username or token. Password authentication is not supported for Git operations.
fatal: Authentication failed for 'https://github.com/jaykakkassery/my-dashboard.git/'
/Users/jayaprasadkakkassery/.bash_profile: line 29: jenv: command not found
remote: Invalid username or token. Password authentication is not supported for Git operations.
fatal: Authentication failed for 'https://github.com/jaykakkassery/my-dashboard.git/'
/Users/jayaprasadkakkassery/.bash_profile: line 29: jenv: command not found
remote: Invalid username or token. Password authentication is not supported for Git operations.
fatal: Authentication failed for 'https://github.com/jaykakkassery/my-dashboard.git/'
/Users/jayaprasadkakkassery/.bash_profile: line 29: jenv: command not found
remote: Invalid username or token. Password authentication is not supported for Git operations.
fatal: Authentication failed for 'https://github.com/jaykakkassery/my-dashboard.git/'
/Users/jayaprasadkakkassery/.bash_profile: line 29: jenv: command not found
remote: Invalid username or token. Password authentication is not supported for Git operations.
fatal: Authentication failed for 'https://github.com/jaykakkassery/my-dashboard.git/'
/Users/jayaprasadkakkassery/.bash_profile: line 29: jenv: command not found
remote: Invalid username or token. Password authentication is not supported for Git operations.
fatal: Authentication failed for 'https://github.com/jaykakkassery/my-dashboard.git/'
/Users/jayaprasadkakkassery/.bash_profile: line 29: jenv: command not found
remote: Invalid username or token. Password authentication is not supported for Git operations.
fatal: Authentication failed for 'https://github.com/jaykakkassery/my-dashboard.git/'
/Users/jayaprasadkakkassery/.bash_profile: line 29: jenv: command not found
remote: Invalid username or token. Password authentication is not supported for Git operations.
fatal: Authentication failed for 'https://github.com/jaykakkassery/my-dashboard.git/'
/Users/jayaprasadkakkassery/.bash_profile: line 29: jenv: command not found
remote: Invalid username or token. Password authentication is not supported for Git operations.
fatal: Authentication failed for 'https://github.com/jaykakkassery/my-dashboard.git/'
/Users/jayaprasadkakkassery/.bash_profile: line 29: jenv: command not found
remote: Invalid username or token. Password authentication is not supported for Git operations.
fatal: Authentication failed for 'https://github.com/jaykakkassery/my-dashboard.git/'
/Users/jayaprasadkakkassery/.bash_profile: line 29: jenv: command not found
To https://github.com/jaykakkassery/my-dashboard.git
   a6f0d2c..4449bb3  gh-pages -> gh-pages
/Users/jayaprasadkakkassery/.bash_profile: line 29: jenv: command not found
To https://github.com/jaykakkassery/my-dashboard.git
   4449bb3..40a3926  gh-pages -> gh-pages
/Users/jayaprasadkakkassery/.bash_profile: line 29: jenv: command not found
To https://github.com/jaykakkassery/my-dashboard.git
   40a3926..01f5c81  gh-pages -> gh-pages
/Users/jayaprasadkakkassery/.bash_profile: line 29: jenv: command not found
To https://github.com/jaykakkassery/my-dashboard.git
   01f5c81..9e0a639  gh-pages -> gh-pages
/Users/jayaprasadkakkassery/.bash_profile: line 29: jenv: command not found
To https://github.com/jaykakkassery/my-dashboard.git
   9e0a639..6306f68  gh-pages -> gh-pages
/Users/jayaprasadkakkassery/.bash_profile: line 29: jenv: command not found
To https://github.com/jaykakkassery/my-dashboard.git
   6306f68..323c390  gh-pages -> gh-pages
/Users/jayaprasadkakkassery/.bash_profile: line 29: jenv: command not found
To https://github.com/jaykakkassery/my-dashboard.git
   323c390..e1f19e2  gh-pages -> gh-pages
/Users/jayaprasadkakkassery/.bash_profile: line 29: jenv: command not found
To https://github.com/jaykakkassery/my-dashboard.git
   e1f19e2..533ebc1  gh-pages -> gh-pages
/Users/jayaprasadkakkassery/.bash_profile: line 29: jenv: command not found
To https://github.com/jaykakkassery/my-dashboard.git
   533ebc1..cd063de  gh-pages -> gh-pages
/Users/jayaprasadkakkassery/.bash_profile: line 29: jenv: command not found
To https://github.com/jaykakkassery/my-dashboard.git
   cd063de..51c9131  gh-pages -> gh-pages
/Users/jayaprasadkakkassery/.bash_profile: line 29: jenv: command not found
To https://github.com/jaykakkassery/my-dashboard.git
   51c9131..ba83727  gh-pages -> gh-pages
/Users/jayaprasadkakkassery/.bash_profile: line 29: jenv: command not found
To https://github.com/jaykakkassery/my-dashboard.git
   ba83727..27b95e3  gh-pages -> gh-pages
/Users/jayaprasadkakkassery/.bash_profile: line 29: jenv: command not found
To https://github.com/jaykakkassery/my-dashboard.git
   27b95e3..1ee66d8  gh-pages -> gh-pages
/Users/jayaprasadkakkassery/.bash_profile: line 29: jenv: command not found
To https://github.com/jaykakkassery/my-dashboard.git
   1ee66d8..8ffad6b  gh-pages -> gh-pages
/Users/jayaprasadkakkassery/.bash_profile: line 29: jenv: command not found
To https://github.com/jaykakkassery/my-dashboard.git
   8ffad6b..ee7208e  gh-pages -> gh-pages
/Users/jayaprasadkakkassery/.bash_profile: line 29: jenv: command not found
To https://github.com/jaykakkassery/my-dashboard.git
   ee7208e..4e5bd46  gh-pages -> gh-pages
/Users/jayaprasadkakkassery/.bash_profile: line 29: jenv: command not found
To https://github.com/jaykakkassery/my-dashboard.git
   4e5bd46..b7fdeb6  gh-pages -> gh-pages
/Users/jayaprasadkakkassery/.bash_profile: line 29: jenv: command not found
To https://github.com/jaykakkassery/my-dashboard.git
   b7fdeb6..9014c86  gh-pages -> gh-pages
/Users/jayaprasadkakkassery/.bash_profile: line 29: jenv: command not found
To https://github.com/jaykakkassery/my-dashboard.git
   9014c86..b5dbaf3  gh-pages -> gh-pages
/Users/jayaprasadkakkassery/.bash_profile: line 29: jenv: command not found
To https://github.com/jaykakkassery/my-dashboard.git
   b5dbaf3..6a5252f  gh-pages -> gh-pages
/Users/jayaprasadkakkassery/.bash_profile: line 29: jenv: command not found
To https://github.com/jaykakkassery/my-dashboard.git
   6a5252f..53f4725  gh-pages -> gh-pages
/Users/jayaprasadkakkassery/.bash_profile: line 29: jenv: command not found
To https://github.com/jaykakkassery/my-dashboard.git
   53f4725..1bc40b2  gh-pages -> gh-pages
/Users/jayaprasadkakkassery/.bash_profile: line 29: jenv: command not found
To https://github.com/jaykakkassery/my-dashboard.git
   1bc40b2..74ce37a  gh-pages -> gh-pages
/Users/jayaprasadkakkassery/.bash_profile: line 29: jenv: command not found
To https://github.com/jaykakkassery/my-dashboard.git
   74ce37a..45d5205  gh-pages -> gh-pages
/Users/jayaprasadkakkassery/.bash_profile: line 29: jenv: command not found
To https://github.com/jaykakkassery/my-dashboard.git
   45d5205..94967b8  gh-pages -> gh-pages
/Users/jayaprasadkakkassery/.bash_profile: line 29: jenv: command not found
To https://github.com/jaykakkassery/my-dashboard.git
   94967b8..8473688  gh-pages -> gh-pages
/Users/jayaprasadkakkassery/.bash_profile: line 29: jenv: command not found
To https://github.com/jaykakkassery/my-dashboard.git
   8473688..11c9c72  gh-pages -> gh-pages
/Users/jayaprasadkakkassery/.bash_profile: line 29: jenv: command not found
To https://github.com/jaykakkassery/my-dashboard.git
   11c9c72..5ada36f  gh-pages -> gh-pages
/Users/jayaprasadkakkassery/.bash_profile: line 29: jenv: command not found
To https://github.com/jaykakkassery/my-dashboard.git
   5ada36f..1bc88d6  gh-pages -> gh-pages
/Users/jayaprasadkakkassery/.bash_profile: line 29: jenv: command not found
To https://github.com/jaykakkassery/my-dashboard.git
   1bc88d6..65b570d  gh-pages -> gh-pages
/Users/jayaprasadkakkassery/.bash_profile: line 29: jenv: command not found
To https://github.com/jaykakkassery/my-dashboard.git
   65b570d..4ec1dfe  gh-pages -> gh-pages
/Users/jayaprasadkakkassery/.bash_profile: line 29: jenv: command not found
To https://github.com/jaykakkassery/my-dashboard.git
   4ec1dfe..e2a4d5e  gh-pages -> gh-pages
/Users/jayaprasadkakkassery/.bash_profile: line 29: jenv: command not found
To https://github.com/jaykakkassery/my-dashboard.git
   e2a4d5e..9c1f7a7  gh-pages -> gh-pages
/Users/jayaprasadkakkassery/.bash_profile: line 29: jenv: command not found
To https://github.com/jaykakkassery/my-dashboard.git
   9c1f7a7..27a9ebf  gh-pages -> gh-pages
/Users/jayaprasadkakkassery/.bash_profile: line 29: jenv: command not found
To https://github.com/jaykakkassery/my-dashboard.git
   27a9ebf..f5883d1  gh-pages -> gh-pages
/Users/jayaprasadkakkassery/.bash_profile: line 29: jenv: command not found
To https://github.com/jaykakkassery/my-dashboard.git
   f5883d1..6e62524  gh-pages -> gh-pages
/Users/jayaprasadkakkassery/.bash_profile: line 29: jenv: command not found
To https://github.com/jaykakkassery/my-dashboard.git
   6e62524..a427cdf  gh-pages -> gh-pages
/Users/jayaprasadkakkassery/.bash_profile: line 29: jenv: command not found
To https://github.com/jaykakkassery/my-dashboard.git
   a427cdf..d2e0898  gh-pages -> gh-pages
/Users/jayaprasadkakkassery/.bash_profile: line 29: jenv: command not found
To https://github.com/jaykakkassery/my-dashboard.git
   d2e0898..649133f  gh-pages -> gh-pages
/Users/jayaprasadkakkassery/.bash_profile: line 29: jenv: command not found
To https://github.com/jaykakkassery/my-dashboard.git
   649133f..5f66226  gh-pages -> gh-pages
/Users/jayaprasadkakkassery/.bash_profile: line 29: jenv: command not found
To https://github.com/jaykakkassery/my-dashboard.git
   5f66226..ee65a44  gh-pages -> gh-pages
/Users/jayaprasadkakkassery/.bash_profile: line 29: jenv: command not found
To https://github.com/jaykakkassery/my-dashboard.git
   ee65a44..b2c0412  gh-pages -> gh-pages
/Users/jayaprasadkakkassery/.bash_profile: line 29: jenv: command not found
To https://github.com/jaykakkassery/my-dashboard.git
   b2c0412..a95bd48  gh-pages -> gh-pages
/Users/jayaprasadkakkassery/.bash_profile: line 29: jenv: command not found
To https://github.com/jaykakkassery/my-dashboard.git
   a95bd48..39bc6a8  gh-pages -> gh-pages
/Users/jayaprasadkakkassery/.bash_profile: line 29: jenv: command not found
To https://github.com/jaykakkassery/my-dashboard.git
   39bc6a8..066f115  gh-pages -> gh-pages
/Users/jayaprasadkakkassery/.bash_profile: line 29: jenv: command not found
To https://github.com/jaykakkassery/my-dashboard.git
   066f115..88d3188  gh-pages -> gh-pages
/Users/jayaprasadkakkassery/.bash_profile: line 29: jenv: command not found
To https://github.com/jaykakkassery/my-dashboard.git
   88d3188..5acada4  gh-pages -> gh-pages
/Users/jayaprasadkakkassery/.bash_profile: line 29: jenv: command not found
To https://github.com/jaykakkassery/my-dashboard.git
   5acada4..fd8d664  gh-pages -> gh-pages
/Users/jayaprasadkakkassery/.bash_profile: line 29: jenv: command not found
To https://github.com/jaykakkassery/my-dashboard.git
   fd8d664..960b31c  gh-pages -> gh-pages
/Users/jayaprasadkakkassery/.bash_profile: line 29: jenv: command not found
To https://github.com/jaykakkassery/my-dashboard.git
   960b31c..a293b6b  gh-pages -> gh-pages
/Users/jayaprasadkakkassery/.bash_profile: line 29: jenv: command not found
To https://github.com/jaykakkassery/my-dashboard.git
   a293b6b..5cdceca  gh-pages -> gh-pages
/Users/jayaprasadkakkassery/.bash_profile: line 29: jenv: command not found
To https://github.com/jaykakkassery/my-dashboard.git
   5cdceca..6abeac1  gh-pages -> gh-pages
/Users/jayaprasadkakkassery/.bash_profile: line 29: jenv: command not found
To https://github.com/jaykakkassery/my-dashboard.git
   6abeac1..c04a9d8  gh-pages -> gh-pages
/Users/jayaprasadkakkassery/.bash_profile: line 29: jenv: command not found
To https://github.com/jaykakkassery/my-dashboard.git
   c04a9d8..531f949  gh-pages -> gh-pages
/Users/jayaprasadkakkassery/.bash_profile: line 29: jenv: command not found
To https://github.com/jaykakkassery/my-dashboard.git
   531f949..b2ae917  gh-pages -> gh-pages
/Users/jayaprasadkakkassery/.bash_profile: line 29: jenv: command not found
To https://github.com/jaykakkassery/my-dashboard.git
   b2ae917..162ef12  gh-pages -> gh-pages
/Users/jayaprasadkakkassery/.bash_profile: line 29: jenv: command not found
To https://github.com/jaykakkassery/my-dashboard.git
   162ef12..108021a  gh-pages -> gh-pages
/Users/jayaprasadkakkassery/.bash_profile: line 29: jenv: command not found
To https://github.com/jaykakkassery/my-dashboard.git
   108021a..8627c01  gh-pages -> gh-pages
/Users/jayaprasadkakkassery/.bash_profile: line 29: jenv: command not found
To https://github.com/jaykakkassery/my-dashboard.git
   8627c01..5c63249  gh-pages -> gh-pages
/Users/jayaprasadkakkassery/.bash_profile: line 29: jenv: command not found
To https://github.com/jaykakkassery/my-dashboard.git
   5c63249..2c60bc5  gh-pages -> gh-pages
/Users/jayaprasadkakkassery/.bash_profile: line 29: jenv: command not found
To https://github.com/jaykakkassery/my-dashboard.git
   2c60bc5..fdcf49b  gh-pages -> gh-pages
/Users/jayaprasadkakkassery/.bash_profile: line 29: jenv: command not found
To https://github.com/jaykakkassery/my-dashboard.git
   fdcf49b..f95e04e  gh-pages -> gh-pages
/Users/jayaprasadkakkassery/.bash_profile: line 29: jenv: command not found
To https://github.com/jaykakkassery/my-dashboard.git
   f95e04e..0ca80c9  gh-pages -> gh-pages
/Users/jayaprasadkakkassery/.bash_profile: line 29: jenv: command not found
To https://github.com/jaykakkassery/my-dashboard.git
   0ca80c9..f9513f2  gh-pages -> gh-pages
/Users/jayaprasadkakkassery/.bash_profile: line 29: jenv: command not found
To https://github.com/jaykakkassery/my-dashboard.git
   f9513f2..e485a05  gh-pages -> gh-pages
/Users/jayaprasadkakkassery/.bash_profile: line 29: jenv: command not found
To https://github.com/jaykakkassery/my-dashboard.git
   e485a05..b0079f1  gh-pages -> gh-pages
/Users/jayaprasadkakkassery/.bash_profile: line 29: jenv: command not found
To https://github.com/jaykakkassery/my-dashboard.git
   b0079f1..81c8499  gh-pages -> gh-pages
/Users/jayaprasadkakkassery/.bash_profile: line 29: jenv: command not found
To https://github.com/jaykakkassery/my-dashboard.git
   81c8499..9c0f18c  gh-pages -> gh-pages
/Users/jayaprasadkakkassery/.bash_profile: line 29: jenv: command not found
To https://github.com/jaykakkassery/my-dashboard.git
   9c0f18c..1fba684  gh-pages -> gh-pages
/Users/jayaprasadkakkassery/.bash_profile: line 29: jenv: command not found
To https://github.com/jaykakkassery/my-dashboard.git
   1fba684..6222403  gh-pages -> gh-pages
/Users/jayaprasadkakkassery/.bash_profile: line 29: jenv: command not found
To https://github.com/jaykakkassery/my-dashboard.git
   6222403..a35a99d  gh-pages -> gh-pages
/Users/jayaprasadkakkassery/.bash_profile: line 29: jenv: command not found
To https://github.com/jaykakkassery/my-dashboard.git
   a35a99d..2a4e815  gh-pages -> gh-pages
/Users/jayaprasadkakkassery/.bash_profile: line 29: jenv: command not found
To https://github.com/jaykakkassery/my-dashboard.git
   2a4e815..3f7bd49  gh-pages -> gh-pages
/Users/jayaprasadkakkassery/.bash_profile: line 29: jenv: command not found
To https://github.com/jaykakkassery/my-dashboard.git
   3f7bd49..4a202a8  gh-pages -> gh-pages
/Users/jayaprasadkakkassery/.bash_profile: line 29: jenv: command not found
To https://github.com/jaykakkassery/my-dashboard.git
   4a202a8..b0b1535  gh-pages -> gh-pages
/Users/jayaprasadkakkassery/.bash_profile: line 29: jenv: command not found
To https://github.com/jaykakkassery/my-dashboard.git
   b0b1535..ac98b78  gh-pages -> gh-pages
/Users/jayaprasadkakkassery/.bash_profile: line 29: jenv: command not found
To https://github.com/jaykakkassery/my-dashboard.git
   ac98b78..fa5bf96  gh-pages -> gh-pages
/Users/jayaprasadkakkassery/.bash_profile: line 29: jenv: command not found
To https://github.com/jaykakkassery/my-dashboard.git
   fa5bf96..3878930  gh-pages -> gh-pages
/Users/jayaprasadkakkassery/.bash_profile: line 29: jenv: command not found
To https://github.com/jaykakkassery/my-dashboard.git
   3878930..6586023  gh-pages -> gh-pages
/Users/jayaprasadkakkassery/.bash_profile: line 29: jenv: command not found
To https://github.com/jaykakkassery/my-dashboard.git
   6586023..be7b911  gh-pages -> gh-pages
/Users/jayaprasadkakkassery/.bash_profile: line 29: jenv: command not found
To https://github.com/jaykakkassery/my-dashboard.git
   be7b911..6f987df  gh-pages -> gh-pages
/Users/jayaprasadkakkassery/.bash_profile: line 29: jenv: command not found
To https://github.com/jaykakkassery/my-dashboard.git
   6f987df..55a727b  gh-pages -> gh-pages
/Users/jayaprasadkakkassery/.bash_profile: line 29: jenv: command not found
To https://github.com/jaykakkassery/my-dashboard.git
   55a727b..ff249f5  gh-pages -> gh-pages
/Users/jayaprasadkakkassery/.bash_profile: line 29: jenv: command not found
To https://github.com/jaykakkassery/my-dashboard.git
   ff249f5..3dacf43  gh-pages -> gh-pages
/Users/jayaprasadkakkassery/.bash_profile: line 29: jenv: command not found
To https://github.com/jaykakkassery/my-dashboard.git
   3dacf43..f42c371  gh-pages -> gh-pages
/Users/jayaprasadkakkassery/.bash_profile: line 29: jenv: command not found
To https://github.com/jaykakkassery/my-dashboard.git
   f42c371..952b8dd  gh-pages -> gh-pages
/Users/jayaprasadkakkassery/.bash_profile: line 29: jenv: command not found
To https://github.com/jaykakkassery/my-dashboard.git
   952b8dd..3ce7cb2  gh-pages -> gh-pages
/Users/jayaprasadkakkassery/.bash_profile: line 29: jenv: command not found
To https://github.com/jaykakkassery/my-dashboard.git
   3ce7cb2..a7b48f9  gh-pages -> gh-pages
/Users/jayaprasadkakkassery/.bash_profile: line 29: jenv: command not found
To https://github.com/jaykakkassery/my-dashboard.git
   a7b48f9..3c1802f  gh-pages -> gh-pages
/Users/jayaprasadkakkassery/.bash_profile: line 29: jenv: command not found
To https://github.com/jaykakkassery/my-dashboard.git
   3c1802f..c0bf7a1  gh-pages -> gh-pages
/Users/jayaprasadkakkassery/.bash_profile: line 29: jenv: command not found
To https://github.com/jaykakkassery/my-dashboard.git
   c0bf7a1..8238d43  gh-pages -> gh-pages
/Users/jayaprasadkakkassery/.bash_profile: line 29: jenv: command not found
To https://github.com/jaykakkassery/my-dashboard.git
   8238d43..b0b0920  gh-pages -> gh-pages
/Users/jayaprasadkakkassery/.bash_profile: line 29: jenv: command not found
To https://github.com/jaykakkassery/my-dashboard.git
   b0b0920..8353a8d  gh-pages -> gh-pages
/Users/jayaprasadkakkassery/.bash_profile: line 29: jenv: command not found
To https://github.com/jaykakkassery/my-dashboard.git
   8353a8d..6d53a41  gh-pages -> gh-pages
/Users/jayaprasadkakkassery/.bash_profile: line 29: jenv: command not found
To https://github.com/jaykakkassery/my-dashboard.git
   6d53a41..be79e2d  gh-pages -> gh-pages
/Users/jayaprasadkakkassery/.bash_profile: line 29: jenv: command not found
To https://github.com/jaykakkassery/my-dashboard.git
   be79e2d..9531f05  gh-pages -> gh-pages
/Users/jayaprasadkakkassery/.bash_profile: line 29: jenv: command not found
To https://github.com/jaykakkassery/my-dashboard.git
   9531f05..8b189f1  gh-pages -> gh-pages
/Users/jayaprasadkakkassery/.bash_profile: line 29: jenv: command not found
To https://github.com/jaykakkassery/my-dashboard.git
   8b189f1..9a55b49  gh-pages -> gh-pages
/Users/jayaprasadkakkassery/.bash_profile: line 29: jenv: command not found
To https://github.com/jaykakkassery/my-dashboard.git
   9a55b49..6d6ca34  gh-pages -> gh-pages
/Users/jayaprasadkakkassery/.bash_profile: line 29: jenv: command not found
To https://github.com/jaykakkassery/my-dashboard.git
   6d6ca34..401bcbf  gh-pages -> gh-pages
/Users/jayaprasadkakkassery/.bash_profile: line 29: jenv: command not found
To https://github.com/jaykakkassery/my-dashboard.git
   401bcbf..84beca5  gh-pages -> gh-pages
/Users/jayaprasadkakkassery/.bash_profile: line 29: jenv: command not found
To https://github.com/jaykakkassery/my-dashboard.git
   84beca5..562b9f8  gh-pages -> gh-pages
/Users/jayaprasadkakkassery/.bash_profile: line 29: jenv: command not found
To https://github.com/jaykakkassery/my-dashboard.git
   562b9f8..412a3fc  gh-pages -> gh-pages
/Users/jayaprasadkakkassery/.bash_profile: line 29: jenv: command not found
To https://github.com/jaykakkassery/my-dashboard.git
   412a3fc..66846b1  gh-pages -> gh-pages
