=== Run at Mon Apr 27 16:00:00 EDT 2026 ===
ERROR: ES_USER and ES_PASSWORD must be exported in your environment.
=== Run at Mon Apr 27 20:00:00 EDT 2026 ===
ERROR: ES_USER and ES_PASSWORD must be exported in your environment.
=== Run at Tue Apr 28 00:00:00 EDT 2026 ===
ERROR: ES_USER and ES_PASSWORD must be exported in your environment.
=== Run at Tue Apr 28 08:00:01 EDT 2026 ===
ERROR: ES_USER and ES_PASSWORD must be exported in your environment.
=== Run at Tue Apr 28 12:00:00 EDT 2026 ===
ERROR: ES_USER and ES_PASSWORD must be exported in your environment.
=== Run at Tue Apr 28 16:00:00 EDT 2026 ===
ERROR: ES_USER and ES_PASSWORD must be exported in your environment.
=== Run at Tue Apr 28 20:00:00 EDT 2026 ===
ERROR: ES_USER and ES_PASSWORD must be exported in your environment.
=== Run at Wed Apr 29 00:00:00 EDT 2026 ===
ERROR: ES_USER and ES_PASSWORD must be exported in your environment.
=== Run at Wed Apr 29 12:00:01 EDT 2026 ===
ERROR: ES_USER and ES_PASSWORD must be exported in your environment.
=== Run at Wed Apr 29 16:00:00 EDT 2026 ===
ERROR: ES_USER and ES_PASSWORD must be exported in your environment.
=== Run at Wed Apr 29 20:00:00 EDT 2026 ===
ERROR: ES_USER and ES_PASSWORD must be exported in your environment.
=== Run at Thu Apr 30 00:00:00 EDT 2026 ===
ERROR: ES_USER and ES_PASSWORD must be exported in your environment.
=== Run at Thu Apr 30 12:00:00 EDT 2026 ===
ERROR: ES_USER and ES_PASSWORD must be exported in your environment.
=== Run at Thu Apr 30 16:00:01 EDT 2026 ===
ERROR: ES_USER and ES_PASSWORD must be exported in your environment.
=== Run at Thu Apr 30 20:00:00 EDT 2026 ===
ERROR: ES_USER and ES_PASSWORD must be exported in your environment.
=== Run at Fri May  1 00:00:00 EDT 2026 ===
ERROR: ES_USER and ES_PASSWORD must be exported in your environment.
=== Run at Fri May  1 12:00:00 EDT 2026 ===
ERROR: ES_USER and ES_PASSWORD must be exported in your environment.
=== Run at Fri May  1 16:00:00 EDT 2026 ===
ERROR: ES_USER and ES_PASSWORD must be exported in your environment.
=== Run at Fri May  1 20:00:00 EDT 2026 ===
ERROR: ES_USER and ES_PASSWORD must be exported in your environment.
=== Run at Sat May  2 00:04:22 EDT 2026 ===
ERROR: ES_USER and ES_PASSWORD must be exported in your environment.
=== Run at Sat May  2 08:00:00 EDT 2026 ===
ERROR: ES_USER and ES_PASSWORD must be exported in your environment.
=== Run at Sat May  2 16:00:01 EDT 2026 ===
ERROR: ES_USER and ES_PASSWORD must be exported in your environment.
=== Run at Sat May  2 20:00:00 EDT 2026 ===
ERROR: ES_USER and ES_PASSWORD must be exported in your environment.
=== Run at Sun May  3 00:00:00 EDT 2026 ===
ERROR: ES_USER and ES_PASSWORD must be exported in your environment.
=== Run at Sun May  3 04:00:00 EDT 2026 ===
ERROR: ES_USER and ES_PASSWORD must be exported in your environment.
=== Run at Sun May  3 08:00:01 EDT 2026 ===
ERROR: ES_USER and ES_PASSWORD must be exported in your environment.
=== Run at Sun May  3 16:00:00 EDT 2026 ===
ERROR: ES_USER and ES_PASSWORD must be exported in your environment.
=== Run at Sun May  3 20:00:00 EDT 2026 ===
ERROR: ES_USER and ES_PASSWORD must be exported in your environment.
=== Run at Mon May  4 12:00:00 EDT 2026 ===
ERROR: ES_USER and ES_PASSWORD must be exported in your environment.
=== Run at Mon May  4 16:00:00 EDT 2026 ===
ERROR: ES_USER and ES_PASSWORD must be exported in your environment.
=== Run at Mon May  4 20:00:00 EDT 2026 ===
ERROR: ES_USER and ES_PASSWORD must be exported in your environment.
=== Run at Tue May  5 12:00:00 EDT 2026 ===
ERROR: ES_USER and ES_PASSWORD must be exported in your environment.
=== Run at Tue May  5 16:00:00 EDT 2026 ===
ERROR: ES_USER and ES_PASSWORD must be exported in your environment.
=== Run at Tue May  5 20:00:01 EDT 2026 ===
ERROR: ES_USER and ES_PASSWORD must be exported in your environment.
=== Run at Wed May  6 12:00:00 EDT 2026 ===
ERROR: ES_USER and ES_PASSWORD must be exported in your environment.
=== Run at Wed May  6 16:00:01 EDT 2026 ===
ERROR: ES_USER and ES_PASSWORD must be exported in your environment.
=== Run at Wed May  6 20:00:00 EDT 2026 ===
ERROR: ES_USER and ES_PASSWORD must be exported in your environment.
=== Run at Thu May  7 00:00:00 EDT 2026 ===
ERROR: ES_USER and ES_PASSWORD must be exported in your environment.
=== Run at Thu May  7 04:00:00 EDT 2026 ===
ERROR: ES_USER and ES_PASSWORD must be exported in your environment.
=== Run at Thu May  7 08:00:00 EDT 2026 ===
ERROR: ES_USER and ES_PASSWORD must be exported in your environment.
=== Run at Thu May  7 12:00:01 EDT 2026 ===
ERROR: ES_USER and ES_PASSWORD must be exported in your environment.
=== Run at Thu May  7 16:00:00 EDT 2026 ===
ERROR: ES_USER and ES_PASSWORD must be exported in your environment.
=== Run at Thu May  7 20:00:01 EDT 2026 ===
ERROR: ES_USER and ES_PASSWORD must be exported in your environment.
=== Run at Fri May  8 00:00:00 EDT 2026 ===
ERROR: ES_USER and ES_PASSWORD must be exported in your environment.
=== Run at Fri May  8 04:00:01 EDT 2026 ===
ERROR: ES_USER and ES_PASSWORD must be exported in your environment.
=== Run at Fri May  8 08:00:00 EDT 2026 ===
ERROR: ES_USER and ES_PASSWORD must be exported in your environment.
=== Run at Fri May  8 16:00:00 EDT 2026 ===
ERROR: ES_USER and ES_PASSWORD must be exported in your environment.
=== Run at Fri May  8 20:06:51 EDT 2026 ===
ERROR: ES_USER and ES_PASSWORD must be exported in your environment.
=== Run at Sat May  9 00:00:51 EDT 2026 ===
ERROR: ES_USER and ES_PASSWORD must be exported in your environment.
=== Run at Sat May  9 12:00:00 EDT 2026 ===
ERROR: ES_USER and ES_PASSWORD must be exported in your environment.
=== Run at Sat May  9 16:00:00 EDT 2026 ===
ERROR: ES_USER and ES_PASSWORD must be exported in your environment.
=== Run at Sat May  9 20:00:01 EDT 2026 ===
ERROR: ES_USER and ES_PASSWORD must be exported in your environment.
=== Run at Sun May 10 12:00:00 EDT 2026 ===
ERROR: ES_USER and ES_PASSWORD must be exported in your environment.
=== Run at Sun May 10 16:00:00 EDT 2026 ===
ERROR: ES_USER and ES_PASSWORD must be exported in your environment.
=== Run at Sun May 10 20:00:00 EDT 2026 ===
ERROR: ES_USER and ES_PASSWORD must be exported in your environment.
=== Run at Mon May 11 00:00:00 EDT 2026 ===
ERROR: ES_USER and ES_PASSWORD must be exported in your environment.
=== Run at Mon May 11 12:00:00 EDT 2026 ===
ERROR: ES_USER and ES_PASSWORD must be exported in your environment.
=== Run at Mon May 11 16:00:00 EDT 2026 ===
ERROR: ES_USER and ES_PASSWORD must be exported in your environment.
=== Run at Mon May 11 20:00:00 EDT 2026 ===
ERROR: ES_USER and ES_PASSWORD must be exported in your environment.
=== Run at Tue May 12 00:00:01 EDT 2026 ===
ERROR: ES_USER and ES_PASSWORD must be exported in your environment.
=== Run at Tue May 12 04:00:01 EDT 2026 ===
ERROR: ES_USER and ES_PASSWORD must be exported in your environment.
=== Run at Tue May 12 08:00:01 EDT 2026 ===
ERROR: ES_USER and ES_PASSWORD must be exported in your environment.
=== Run at Tue May 12 12:00:00 EDT 2026 ===
ERROR: ES_USER and ES_PASSWORD must be exported in your environment.
=== Run at Tue May 12 16:00:00 EDT 2026 ===
ERROR: ES_USER and ES_PASSWORD must be exported in your environment.
=== Run at Tue May 12 20:00:00 EDT 2026 ===
ERROR: ES_USER and ES_PASSWORD must be exported in your environment.
=== Run at Wed May 13 00:00:01 EDT 2026 ===
ERROR: ES_USER and ES_PASSWORD must be exported in your environment.
=== Run at Wed May 13 12:00:00 EDT 2026 ===
ERROR: ES_USER and ES_PASSWORD must be exported in your environment.
=== Run at Wed May 13 16:00:00 EDT 2026 ===
ERROR: ES_USER and ES_PASSWORD must be exported in your environment.
=== Run at Wed May 13 20:00:01 EDT 2026 ===
ERROR: ES_USER and ES_PASSWORD must be exported in your environment.
=== Run at Thu May 14 00:00:00 EDT 2026 ===
ERROR: ES_USER and ES_PASSWORD must be exported in your environment.
=== Run at Thu May 14 04:00:00 EDT 2026 ===
ERROR: ES_USER and ES_PASSWORD must be exported in your environment.
=== Run at Thu May 14 08:00:00 EDT 2026 ===
ERROR: ES_USER and ES_PASSWORD must be exported in your environment.
=== Run at Thu May 14 12:00:00 EDT 2026 ===
ERROR: ES_USER and ES_PASSWORD must be exported in your environment.
=== Run at Thu May 14 16:00:00 EDT 2026 ===
ERROR: ES_USER and ES_PASSWORD must be exported in your environment.
=== Run at Thu May 14 20:00:00 EDT 2026 ===
ERROR: ES_USER and ES_PASSWORD must be exported in your environment.
=== Run at Fri May 15 00:00:00 EDT 2026 ===
ERROR: ES_USER and ES_PASSWORD must be exported in your environment.
=== Run at Fri May 15 04:00:01 EDT 2026 ===
ERROR: ES_USER and ES_PASSWORD must be exported in your environment.
=== Run at Fri May 15 08:00:00 EDT 2026 ===
ERROR: ES_USER and ES_PASSWORD must be exported in your environment.
=== Run at Fri May 15 12:00:00 EDT 2026 ===
ERROR: ES_USER and ES_PASSWORD must be exported in your environment.
=== Run at Fri May 15 16:00:01 EDT 2026 ===
ERROR: ES_USER and ES_PASSWORD must be exported in your environment.
=== Run at Fri May 15 20:00:01 EDT 2026 ===
ERROR: ES_USER and ES_PASSWORD must be exported in your environment.
=== Run at Sat May 16 00:00:00 EDT 2026 ===
ERROR: ES_USER and ES_PASSWORD must be exported in your environment.
=== Run at Sat May 16 04:00:00 EDT 2026 ===
ERROR: ES_USER and ES_PASSWORD must be exported in your environment.
=== Run at Sat May 16 12:00:00 EDT 2026 ===
ERROR: ES_USER and ES_PASSWORD must be exported in your environment.
=== Run at Sat May 16 16:00:01 EDT 2026 ===
ERROR: ES_USER and ES_PASSWORD must be exported in your environment.
=== Run at Sat May 16 20:00:00 EDT 2026 ===
ERROR: ES_USER and ES_PASSWORD must be exported in your environment.
=== Run at Sun May 17 16:00:00 EDT 2026 ===
ERROR: ES_USER and ES_PASSWORD must be exported in your environment.
=== Run at Sun May 17 20:00:00 EDT 2026 ===
ERROR: ES_USER and ES_PASSWORD must be exported in your environment.
=== Run at Mon May 18 00:00:01 EDT 2026 ===
ERROR: ES_USER and ES_PASSWORD must be exported in your environment.
=== Run at Mon May 18 04:00:00 EDT 2026 ===
ERROR: ES_USER and ES_PASSWORD must be exported in your environment.
=== Run at Mon May 18 08:00:00 EDT 2026 ===
ERROR: ES_USER and ES_PASSWORD must be exported in your environment.
=== Run at Mon May 18 12:00:00 EDT 2026 ===
ERROR: ES_USER and ES_PASSWORD must be exported in your environment.
=== Run at Mon May 18 16:00:00 EDT 2026 ===
ERROR: ES_USER and ES_PASSWORD must be exported in your environment.
=== Run at Mon May 18 20:00:00 EDT 2026 ===
ERROR: ES_USER and ES_PASSWORD must be exported in your environment.
=== Run at Tue May 19 00:00:00 EDT 2026 ===
ERROR: ES_USER and ES_PASSWORD must be exported in your environment.
=== Run at Tue May 19 08:00:00 EDT 2026 ===
ERROR: ES_USER and ES_PASSWORD must be exported in your environment.
=== Run at Tue May 19 12:00:00 EDT 2026 ===
ERROR: ES_USER and ES_PASSWORD must be exported in your environment.
=== Run at Tue May 19 16:00:01 EDT 2026 ===
ERROR: ES_USER and ES_PASSWORD must be exported in your environment.
=== Run at Tue May 19 20:00:00 EDT 2026 ===
ERROR: ES_USER and ES_PASSWORD must be exported in your environment.
=== Run at Wed May 20 00:00:00 EDT 2026 ===
ERROR: ES_USER and ES_PASSWORD must be exported in your environment.
=== Run at Wed May 20 04:00:01 EDT 2026 ===
ERROR: ES_USER and ES_PASSWORD must be exported in your environment.
=== Run at Wed May 20 08:00:00 EDT 2026 ===
ERROR: ES_USER and ES_PASSWORD must be exported in your environment.
=== Run at Wed May 20 12:00:00 EDT 2026 ===
ERROR: ES_USER and ES_PASSWORD must be exported in your environment.
=== Run at Wed May 20 16:00:00 EDT 2026 ===
ERROR: ES_USER and ES_PASSWORD must be exported in your environment.
=== Run at Thu May 21 00:00:01 EDT 2026 ===
ERROR: ES_USER and ES_PASSWORD must be exported in your environment.
=== Run at Thu May 21 04:00:01 EDT 2026 ===
ERROR: ES_USER and ES_PASSWORD must be exported in your environment.
=== Run at Thu May 21 08:00:00 EDT 2026 ===
ERROR: ES_USER and ES_PASSWORD must be exported in your environment.
=== Run at Thu May 21 12:00:00 EDT 2026 ===
ERROR: ES_USER and ES_PASSWORD must be exported in your environment.
=== Run at Thu May 21 16:00:00 EDT 2026 ===
ERROR: ES_USER and ES_PASSWORD must be exported in your environment.
=== Run at Thu May 21 20:00:00 EDT 2026 ===
ERROR: ES_USER and ES_PASSWORD must be exported in your environment.
=== Run at Fri May 22 00:00:00 EDT 2026 ===
ERROR: ES_USER and ES_PASSWORD must be exported in your environment.
=== Run at Fri May 22 04:00:00 EDT 2026 ===
ERROR: ES_USER and ES_PASSWORD must be exported in your environment.
=== Run at Fri May 22 08:00:00 EDT 2026 ===
ERROR: ES_USER and ES_PASSWORD must be exported in your environment.
=== Run at Fri May 22 12:00:00 EDT 2026 ===
ERROR: ES_USER and ES_PASSWORD must be exported in your environment.
=== Run at Fri May 22 16:00:01 EDT 2026 ===
ERROR: ES_USER and ES_PASSWORD must be exported in your environment.
=== Run at Fri May 22 20:00:00 EDT 2026 ===
ERROR: ES_USER and ES_PASSWORD must be exported in your environment.
=== Run at Sat May 23 00:00:00 EDT 2026 ===
ERROR: ES_USER and ES_PASSWORD must be exported in your environment.
=== Run at Sat May 23 04:00:01 EDT 2026 ===
ERROR: ES_USER and ES_PASSWORD must be exported in your environment.
=== Run at Sat May 23 08:00:00 EDT 2026 ===
ERROR: ES_USER and ES_PASSWORD must be exported in your environment.
=== Run at Sat May 23 12:00:00 EDT 2026 ===
ERROR: ES_USER and ES_PASSWORD must be exported in your environment.
=== Run at Sat May 23 16:00:00 EDT 2026 ===
ERROR: ES_USER and ES_PASSWORD must be exported in your environment.
=== Run at Sat May 23 20:00:01 EDT 2026 ===
ERROR: ES_USER and ES_PASSWORD must be exported in your environment.
=== Run at Sun May 24 00:00:01 EDT 2026 ===
ERROR: ES_USER and ES_PASSWORD must be exported in your environment.
=== Run at Sun May 24 04:00:00 EDT 2026 ===
ERROR: ES_USER and ES_PASSWORD must be exported in your environment.
=== Run at Sun May 24 08:00:00 EDT 2026 ===
ERROR: ES_USER and ES_PASSWORD must be exported in your environment.
=== Run at Sun May 24 12:00:05 EDT 2026 ===
ERROR: ES_USER and ES_PASSWORD must be exported in your environment.
=== Run at Sun May 24 16:00:00 EDT 2026 ===
ERROR: ES_USER and ES_PASSWORD must be exported in your environment.
=== Run at Sun May 24 20:00:00 EDT 2026 ===
ERROR: ES_USER and ES_PASSWORD must be exported in your environment.
=== Run at Mon May 25 00:00:00 EDT 2026 ===
ERROR: ES_USER and ES_PASSWORD must be exported in your environment.
=== Run at Mon May 25 04:00:00 EDT 2026 ===
ERROR: ES_USER and ES_PASSWORD must be exported in your environment.
=== Run at Mon May 25 08:00:00 EDT 2026 ===
ERROR: ES_USER and ES_PASSWORD must be exported in your environment.
=== Run at Mon May 25 12:00:00 EDT 2026 ===
ERROR: ES_USER and ES_PASSWORD must be exported in your environment.
=== Run at Mon May 25 16:00:00 EDT 2026 ===
ERROR: ES_USER and ES_PASSWORD must be exported in your environment.
=== Run at Mon May 25 20:00:00 EDT 2026 ===
ERROR: ES_USER and ES_PASSWORD must be exported in your environment.
